[32mΓ£ö detectAnalyticSubtype recognizes supported analytic prompts [90m(2.4621ms)[39m[39m
[32mΓ£ö buildAnalyticPlan creates an auto-rendered line-plane intersection lesson [90m(5.0952ms)[39m[39m
[32mΓ£ö buildAnalyticPlan creates an angle lesson with the correct formula and result [90m(1.8764ms)[39m[39m
[32mΓ£ö buildAnalyticPlan accepts natural language line-plane intersection wording [90m(0.811ms)[39m[39m
[32mΓ£ö buildAnalyticPlan accepts plane-angle wording from the simplified worksheet prompt [90m(0.575ms)[39m[39m
[32mΓ£ö buildAnalyticPlan keeps the actual anchor point for line-plane angle scenes [90m(0.5512ms)[39m[39m
[32mΓ£ö buildAnalyticPlan accepts worksheet-style direction vectors written with angle brackets [90m(0.6619ms)[39m[39m
[32mΓ£ö buildAnalyticPlan creates a skew-lines lesson with the shortest segment [90m(1.3787ms)[39m[39m
[32mΓ£ö buildAnalyticPlan accepts worksheet-style skew-lines prompts with unicode subscripts [90m(1.1842ms)[39m[39m
[32mΓ£ö evaluateBuild returns actionable guidance while the build is incomplete [90m(1.6944ms)[39m[39m
[32mΓ£ö evaluateBuild marks the lesson ready for prediction when required objects are present [90m(0.6014ms)[39m[39m
[32mΓ£ö GET /api/capabilities returns model and input capability flags [90m(20.694ms)[39m[39m
[32mΓ£ö buildElectricFieldPlan creates a single-charge playground with physics metadata [90m(3.6292ms)[39m[39m
[32mΓ£ö buildElectricFieldPlan creates a dipole playground with opposite charges [90m(1.207ms)[39m[39m
[32mΓ£ö buildElectricFieldPlan creates a flux scene with a Gaussian surface [90m(0.4745ms)[39m[39m
[32mΓ£ö generateFreeformTutorTurn can load an electric-field scene without an active lesson [90m(3.5381ms)[39m[39m
[32mΓ£ö baseSizeToParams keeps line thickness decoupled from generic size [90m(1.2058ms)[39m[39m
[32mΓ£ö paramsToBaseSize for lines still tracks the visible span [90m(0.19ms)[39m[39m
[32mΓ£ö runWithModelFailover falls through to a working candidate and caches it [90m(1.9696ms)[39m[39m
[32mΓ£ö converseStreamWithModelFailover retries a bad primary candidate before streaming [90m(0.4298ms)[39m[39m
[32mΓ£ö index.html keeps the chat-first tutor shell and removes judge demo panels [90m(1.2075ms)[39m[39m
[32mΓ£ö manual planes stay opaque until they need fading [90m(0.7187ms)[39m[39m
[32mΓ£ö analytic reference planes keep the translucent teaching style [90m(0.1603ms)[39m[39m
[32mΓ£ö intersection points are detected for highlight accents [90m(0.8679ms)[39m[39m
[32mΓ£ö normal guide lines are detected for accent styling [90m(0.1931ms)[39m[39m
[32mΓ£ö heuristicSourceSummary infers core metadata from text-only input [90m(0.9374ms)[39m[39m
[32mΓ£ö heuristicPlan builds a normalized volume lesson scaffold [90m(2.0532ms)[39m[39m
[32mΓ£ö mergeGeneratedPlan preserves merge precedence from baseline and nova plans [90m(1.2867ms)[39m[39m
[32mΓ£ö extractPlanPayload rejects invalid multipart sceneSnapshot JSON [90m(25.9768ms)[39m[39m
[32mΓ£ö extractPlanPayload rejects unsupported image mime types [90m(5.1462ms)[39m[39m
[32mΓ£ö extractPlanPayload rejects images larger than the maximum bytes limit [90m(11.9473ms)[39m[39m
[32mΓ£ö POST /api/plan multipart requests pass image and scene snapshot to the plan generator [90m(19.7275ms)[39m[39m
[32mΓ£ö normalizeScenePlan preserves lesson metadata and fills defaults [90m(4.139ms)[39m[39m
[32mΓ£ö normalizeScenePlan infers a 2D companion mode for surface area and full 2D mode for nets [90m(0.8692ms)[39m[39m
[32mΓ£ö buildAnalyticPlannerInput prefers the raw typed question for deterministic analytic lessons [90m(0.6889ms)[39m[39m
[32mΓ£ö buildAnalyticPlannerInput keeps interpreted text when no raw question is available [90m(0.086ms)[39m[39m
[32mΓ£ö buildAnalyticPlannerInput includes givens when reconstructed analytic text is needed [90m(0.1762ms)[39m[39m
[32mΓ£ö computeWristAngle responds to wrist twist around the forearm axis [90m(0.7974ms)[39m[39m
[32mΓ£ö createPastedQuestionImageFile renames clipboard images consistently [90m(0.994ms)[39m[39m
[32mΓ£ö extractPastedQuestionImageFile returns the first image clipboard item [90m(0.1705ms)[39m[39m
[32mΓ£ö extractPastedQuestionImageFile ignores clipboard data without an image [90m(0.0706ms)[39m[39m
[32mΓ£ö retrieveLessonExemplar uses stable fallback retrieval for a cylinder worksheet prompt [90m(1.0113ms)[39m[39m
[32mΓ£ö shouldSyncAnalyticScene does not rebuild the scene for same-stage tutor chat when required objects are present [90m(1.1499ms)[39m[39m
[32mΓ£ö shouldSyncAnalyticScene rebuilds the scene when the lesson advances to a new analytic stage [90m(0.2414ms)[39m[39m
[32mΓ£ö shouldSyncAnalyticScene rebuilds the scene when a required analytic object has gone missing [90m(0.1168ms)[39m[39m
[32mΓ£ö mergeRequiredSceneObjects preserves the learner's current scene while adding missing analytic objects [90m(0.6575ms)[39m[39m
[32mΓ£ö scene store on() unsubscribe detaches listener [90m(2.3054ms)[39m[39m
[32mΓ£ö contentBlocksForSource puts the image before text for multimodal parsing [90m(0.7826ms)[39m[39m
Γû╢ supported builder prompts map to stable lesson families
  [32mΓ£ö cylinder volume [90m(4.5456ms)[39m[39m
  [32mΓ£ö cube surface area companion [90m(1.0551ms)[39m[39m
  [32mΓ£ö cone net [90m(1.5123ms)[39m[39m
  [32mΓ£ö shape comparison [90m(0.7031ms)[39m[39m
[32mΓ£ö supported builder prompts map to stable lesson families [90m(10.1968ms)[39m[39m
Γû╢ supported analytic prompts map to the expected 3d subtypes
  [32mΓ£ö line-plane intersection [90m(4.2718ms)[39m[39m
  [32mΓ£ö line-plane angle [90m(2.8517ms)[39m[39m
  [32mΓ£ö skew lines distance [90m(1.5289ms)[39m[39m
[32mΓ£ö supported analytic prompts map to the expected 3d subtypes [90m(9.3792ms)[39m[39m
Γû╢ supported electric-field prompts map to focused physics playgrounds
  [32mΓ£ö single charge [90m(1.4518ms)[39m[39m
  [32mΓ£ö dipole [90m(0.5188ms)[39m[39m
  [32mΓ£ö gaussian flux [90m(0.3275ms)[39m[39m
[32mΓ£ö supported electric-field prompts map to focused physics playgrounds [90m(2.9779ms)[39m[39m
[32mΓ£ö evaluateTutorCompletion marks numeric answers correct with tolerance [90m(2.4735ms)[39m[39m
[32mΓ£ö evaluateTutorCompletion compares tuple-style answers component-wise [90m(0.256ms)[39m[39m
[32mΓ£ö evaluateTutorCompletion keeps incorrect answers incomplete [90m(0.1416ms)[39m[39m
[32mΓ£ö looksLikeShortFollowUp recognizes short post-solution follow-ups [90m(0.7743ms)[39m[39m
[32mΓ£ö isStandaloneMathProblem distinguishes a fresh math prompt from a follow-up [90m(0.6372ms)[39m[39m
[32mΓ£ö shouldStartLessonFromComposer bootstraps a lesson on the first lower-chat math prompt [90m(0.2449ms)[39m[39m
[32mΓ£ö buildSuggestedQuestionActions converts similar prompts into lesson-start actions [90m(1.4207ms)[39m[39m
[31mΓ£û normalizeTutorReplyText converts solved replies into a clean heading and bullets [90m(1.2282ms)[39m[39m
[32mΓ£ö normalizeTutorReplyText scaffolds regular tutor replies into a clear scan-friendly shape [90m(0.1515ms)[39m[39m
[32mΓ£ö computeLiveChallengeState unlocks and marks completion when target is reached [90m(2.6744ms)[39m[39m
[32mΓ£ö buildStageConfig returns stage-specific messaging for build and predict stages [90m(0.8763ms)[39m[39m
[32mΓ£ö buildTutorResponseMeta keeps supported surface-area lessons in split 2D mode [90m(3.4216ms)[39m[39m
[32mΓ£ö buildTutorResponseMeta can switch a supported lesson into full 2D mode for net requests [90m(0.6899ms)[39m[39m
Tutor freeform error: Error: boom
    at freeformTurnGenerator (file:///C:/Users/ayush/dev/spatialmath-nova/test/tutor-route.test.js:263:13)
    at Array.<anonymous> (file:///C:/Users/ayush/dev/spatialmath-nova/server/routes/tutor.js:37:32)
    at async TestContext.<anonymous> (file:///C:/Users/ayush/dev/spatialmath-nova/test/tutor-route.test.js:267:20)
    at async Test.run (node:internal/test_runner/test:1125:7)
    at async Test.processPendingSubtests (node:internal/test_runner/test:787:7)
[32mΓ£ö POST /api/tutor streams lesson metadata before tutor text [90m(17.9786ms)[39m[39m
[32mΓ£ö POST /api/tutor includes deterministic completion metadata for correct answers [90m(1.8124ms)[39m[39m
[32mΓ£ö POST /api/tutor includes scene directives for analytic lessons [90m(1.7844ms)[39m[39m
[32mΓ£ö POST /api/tutor supports freeform scene chat without a lesson plan [90m(5.8638ms)[39m[39m
[32mΓ£ö POST /api/tutor freeform requests fall back safely when the freeform generator throws [90m(1.5767ms)[39m[39m
[32mΓ£ö POST /api/tutor/similar returns similar question suggestions [90m(0.7087ms)[39m[39m
[32mΓ£ö rankChallengeMatches keeps only genuinely close built-in matches [90m(1.1893ms)[39m[39m
[32mΓ£ö generateSimilarTutorQuestions avoids unrelated spatial challenge matches for analytic prompts [90m(0.377ms)[39m[39m
[32mΓ£ö generateSimilarTutorQuestions uses close challenge-bank matches before template fallback [90m(0.1818ms)[39m[39m
[32mΓ£ö POST /api/voice/respond supports the richer voice contract [90m(11.7747ms)[39m[39m
[32mΓ£ö voice session routes proxy the realtime lifecycle [90m(4.5852ms)[39m[39m
[32mΓ£ö voice session manager streams transcript, audio, and done events with model failover [90m(2.1333ms)[39m[39m
[32mΓ£ö voice session manager falls back to captions when credentials are unavailable [90m(0.2544ms)[39m[39m
[34mΓä╣ tests 87[39m
[34mΓä╣ suites 0[39m
[34mΓä╣ pass 86[39m
[34mΓä╣ fail 1[39m
[34mΓä╣ cancelled 0[39m
[34mΓä╣ skipped 0[39m
[34mΓä╣ todo 0[39m
[34mΓä╣ duration_ms 413.3703[39m

[31mΓ£û failing tests:[39m

test at test\tutor-conversation.test.js:61:1
[31mΓ£û normalizeTutorReplyText converts solved replies into a clean heading and bullets [90m(1.2282ms)[39m[39m
  AssertionError [ERR_ASSERTION]: Expected values to be strictly equal:
  + actual - expected
  
  + '**Correct!\n' +
  +   "- ** That's the acute angle between the line and the plane.\n" +
  - "**Correct!** That's the acute angle between the line and the plane.\n" +
      '- Notice how the line leans almost parallel to the plane.\n' +
      'What do you notice about the normal?'
  
      at TestContext.<anonymous> (file:///C:/Users/ayush/dev/spatialmath-nova/test/tutor-conversation.test.js:64:10)
      at Test.runInAsyncScope (node:async_hooks:228:14)
      at Test.run (node:internal/test_runner/test:1118:25)
      at Test.processPendingSubtests (node:internal/test_runner/test:787:18)
      at Test.postRun (node:internal/test_runner/test:1247:19)
      at Test.run (node:internal/test_runner/test:1175:12)
      at async Test.processPendingSubtests (node:internal/test_runner/test:787:7) {
    generatedMessage: true,
    code: 'ERR_ASSERTION',
    actual: "**Correct!\n- ** That's the acute angle between the line and the plane.\n- Notice how the line leans almost parallel to the plane.\nWhat do you notice about the normal?",
    expected: "**Correct!** That's the acute angle between the line and the plane.\n- Notice how the line leans almost parallel to the plane.\nWhat do you notice about the normal?",
    operator: 'strictEqual',
    diff: 'simple'
  }
